// Jest Snapshot v1, https://goo.gl/fbAQLP

exports[`CommitListItem Should render correctly 1`] = `
<div
  className="MuiPaper-root MuiCard-root MuiPaper-elevation1 MuiPaper-rounded"
>
  <div
    className="MuiCardContent-root"
  >
    <p
      className="MuiTypography-root MuiTypography-body1 MuiTypography-colorTextSecondary MuiTypography-gutterBottom"
    />
    <p
      className="MuiTypography-root MuiTypography-body2"
    >
       committed at 
      Invalid Date
    </p>
  </div>
</div>
`;
